******************************************************************************
                  TI ARM Linker PC v16.9.6                     
******************************************************************************
>> Linked Mon Jan 01 19:24:59 2018

OUTPUT FILE NAME:   <capacitive_touch_example1.out>
ENTRY POINT SYMBOL: "_c_int00"  address: 00001339


MEMORY CONFIGURATION

         name            origin    length      used     unused   attr    fill
----------------------  --------  ---------  --------  --------  ----  --------
  MAIN                  00000000   00040000  000014f0  0003eb10  R  X
  INFO                  00200000   00004000  00000000  00004000  R  X
  SRAM_CODE             01000000   00010000  0000022a  0000fdd6  RW X
  SRAM_DATA             20000000   00010000  0000022a  0000fdd6  RW  


SEGMENT ALLOCATION MAP

run origin  load origin   length   init length attrs members
----------  ----------- ---------- ----------- ----- -------
00000000    00000000    000014f8   000014f8    r-x
  00000000    00000000    000000e4   000000e4    r-- .intvecs
  000000e4    000000e4    000013a2   000013a2    r-x .text
  00001488    00001488    0000002a   0000002a    r-- .const
  000014b8    000014b8    00000040   00000040    r-- .cinit
20000000    20000000    0000002a   00000000    rw-
  20000000    20000000    0000001e   00000000    rw- .data
  2000001e    2000001e    0000000c   00000000    rw- .bss
2000fe00    2000fe00    00000200   00000000    rw-
  2000fe00    2000fe00    00000200   00000000    rw- .stack


SECTION ALLOCATION MAP

 output                                  attributes/
section   page    origin      length       input sections
--------  ----  ----------  ----------   ----------------
.intvecs   0    00000000    000000e4     
                  00000000    000000e4     startup_msp432p401r_ccs.obj (.intvecs:retain)

.binit     0    00000000    00000000     

.text      0    000000e4    000013a2     
                  000000e4    00000a9c     CTS_Layer.obj (.text)
                  00000b80    00000334     system_msp432p401r.obj (.text)
                  00000eb4    00000230     CTS_HAL.obj (.text)
                  000010e4    0000009c     rtsv7M4_T_le_v4SPD16_eabi.lib : memcpy_t2.obj (.text)
                  00001180    0000007a                                   : memset_t2.obj (.text)
                  000011fa    00000002                                   : mpu_init.obj (.text)
                  000011fc    00000070                                   : autoinit.obj (.text)
                  0000126c    00000068                                   : copy_decompress_lzss.obj (.text:decompress:lzss)
                  000012d4    00000064     main.obj (.text)
                  00001338    00000054     rtsv7M4_T_le_v4SPD16_eabi.lib : boot.obj (.text)
                  0000138c    00000054                                   : exit.obj (.text)
                  000013e0    0000004c                                   : cpy_tbl.obj (.text)
                  0000142c    00000018                                   : args_main.obj (.text)
                  00001444    00000014                                   : _lock.obj (.text)
                  00001458    0000000e                                   : copy_decompress_none.obj (.text:decompress:none)
                  00001466    0000000e     startup_msp432p401r_ccs.obj (.text)
                  00001474    0000000c     rtsv7M4_T_le_v4SPD16_eabi.lib : copy_zero_init.obj (.text:decompress:ZI)
                  00001480    00000004                                   : pre_init.obj (.text)
                  00001484    00000002                                   : startup.obj (.text)

.const     0    00001488    0000002a     
                  00001488    00000024     structure.obj (.const:basic_button)
                  000014ac    00000006     structure.obj (.const:basic_button_element)

.cinit     0    000014b8    00000040     
                  000014b8    00000017     (.cinit..data.load) [load image, compression = lzss]
                  000014cf    00000001     --HOLE-- [fill = 0]
                  000014d0    0000000c     (__TI_handler_table)
                  000014dc    00000004     --HOLE-- [fill = 0]
                  000014e0    00000008     (.cinit..bss.load) [load image, compression = zero_init]
                  000014e8    00000010     (__TI_cinit_table)

.init_array 
*          0    00000000    00000000     UNINITIALIZED

.data      0    20000000    0000001e     UNINITIALIZED
                  20000000    0000000c     rtsv7M4_T_le_v4SPD16_eabi.lib : exit.obj (.data:$O1$$)
                  2000000c    00000008                                   : _lock.obj (.data:$O1$$)
                  20000014    00000004                                   : stkdepth_vars.obj (.data)
                  20000018    00000004     system_msp432p401r.obj (.data)
                  2000001c    00000002     CTS_Layer.obj (.data)

.bss       0    2000001e    0000000c     UNINITIALIZED
                  2000001e    00000008     (.common:measCnt)
                  20000026    00000004     (.common:baseCnt)

.stack     0    2000fe00    00000200     UNINITIALIZED
                  2000fe00    00000200     --HOLE--

MODULE SUMMARY

       Module                        code   ro data   rw data
       ------                        ----   -------   -------
    .\
       CTS_Layer.obj                 2716   0         28     
       system_msp432p401r.obj        820    0         8      
       CTS_HAL.obj                   560    0         0      
       startup_msp432p401r_ccs.obj   14     228       0      
       main.obj                      100    0         0      
       structure.obj                 0      42        0      
    +--+-----------------------------+------+---------+---------+
       Total:                        4210   270       36     
                                                             
    C:\Users\kwat1\Documents\ccsv7\tools\compiler\ti-cgt-arm_16.9.6.LTS\lib\rtsv7M4_T_le_v4SPD16_eabi.lib
       memcpy_t2.obj                 156    0         0      
       memset_t2.obj                 122    0         0      
       autoinit.obj                  112    0         0      
       exit.obj                      84     0         24     
       copy_decompress_lzss.obj      104    0         0      
       boot.obj                      84     0         0      
       cpy_tbl.obj                   76     0         0      
       _lock.obj                     20     0         16     
       args_main.obj                 24     0         0      
       copy_decompress_none.obj      14     0         0      
       copy_zero_init.obj            12     0         0      
       stkdepth_vars.obj             0      0         8      
       pre_init.obj                  4      0         0      
       mpu_init.obj                  2      0         0      
       startup.obj                   2      0         0      
    +--+-----------------------------+------+---------+---------+
       Total:                        816    0         48     
                                                             
       Stack:                        0      0         1024   
       Linker Generated:             0      59        0      
    +--+-----------------------------+------+---------+---------+
       Grand Total:                  5026   329       1108   


LINKER GENERATED COPY TABLES

__TI_cinit_table @ 000014e8 records: 2, size/record: 8, table size: 16
	.data: load addr=000014b8, load size=00000017 bytes, run addr=20000000, run size=0000001e bytes, compression=lzss
	.bss: load addr=000014e0, load size=00000008 bytes, run addr=2000001e, run size=0000000c bytes, compression=zero_init


LINKER GENERATED HANDLER TABLE

__TI_handler_table @ 000014d0 records: 3, size/record: 4, table size: 12
	index: 0, handler: __TI_decompress_lzss
	index: 1, handler: __TI_decompress_none
	index: 2, handler: __TI_zero_init


GLOBAL SYMBOLS: SORTED ALPHABETICALLY BY Name 

address   name                           
-------   ----                           
00001473  ADC14_IRQHandler               
00001473  AES256_IRQHandler              
00001473  BusFault_Handler               
0000138d  C$$EXIT                        
00001473  COMP_E0_IRQHandler             
00001473  COMP_E1_IRQHandler             
00001473  CS_IRQHandler                  
00001473  DMA_ERR_IRQHandler             
00001473  DMA_INT0_IRQHandler            
00001473  DMA_INT1_IRQHandler            
00001473  DMA_INT2_IRQHandler            
00001473  DMA_INT3_IRQHandler            
00001473  DebugMon_Handler               
00001473  Default_Handler                
00000a75  Dominant_Element               
00001473  EUSCIA0_IRQHandler             
00001473  EUSCIA1_IRQHandler             
00001473  EUSCIA2_IRQHandler             
00001473  EUSCIA3_IRQHandler             
00001473  EUSCIB0_IRQHandler             
00001473  EUSCIB1_IRQHandler             
00001473  EUSCIB2_IRQHandler             
00001473  EUSCIB3_IRQHandler             
00001473  FLCTL_IRQHandler               
00001473  FPU_IRQHandler                 
00001473  HardFault_Handler              
00001473  MemManage_Handler              
00001473  NMI_Handler                    
00001473  PCM_IRQHandler                 
00001473  PORT1_IRQHandler               
00001473  PORT2_IRQHandler               
00001473  PORT3_IRQHandler               
00001473  PORT4_IRQHandler               
00001473  PORT5_IRQHandler               
00001473  PORT6_IRQHandler               
00001473  PSS_IRQHandler                 
00001473  PendSV_Handler                 
00001473  RTC_C_IRQHandler               
00001467  Reset_Handler                  
UNDEFED   SHT$$INIT_ARRAY$$Base          
UNDEFED   SHT$$INIT_ARRAY$$Limit         
00001473  SVC_Handler                    
00001473  SysTick_Handler                
20000018  SystemCoreClock                
00000b81  SystemCoreClockUpdate          
00000df9  SystemInit                     
00001473  T32_INT1_IRQHandler            
00001473  T32_INT2_IRQHandler            
00001473  T32_INTC_IRQHandler            
00001473  TA0_0_IRQHandler               
00001473  TA0_N_IRQHandler               
00001473  TA1_0_IRQHandler               
00001473  TA1_N_IRQHandler               
00001473  TA2_0_IRQHandler               
00001473  TA2_N_IRQHandler               
000010a7  TA3_0_IRQHandler               
000010a7  TA3_0_IRQHandler               
00001473  TA3_N_IRQHandler               
00000785  TI_CAPT_Button                 
000007ab  TI_CAPT_Buttons                
000001f5  TI_CAPT_Custom                 
000000fd  TI_CAPT_Init_Baseline          
000000e5  TI_CAPT_Raw                    
00000199  TI_CAPT_Reset_Tracking         
00000113  TI_CAPT_Update_Baseline        
000001a1  TI_CAPT_Update_Tracking_DOI    
000001c9  TI_CAPT_Update_Tracking_Rate   
000007f7  TI_CAPT_Wheel                  
00000f4f  TI_CTS_RO_CTIO_TA2_TA3_HAL     
00001473  UsageFault_Handler             
4000480c  WDTCTL_SYM                     
00001473  WDT_A_IRQHandler               
20010000  __STACK_END                    
00000200  __STACK_SIZE                   
000014e8  __TI_CINIT_Base                
000014f8  __TI_CINIT_Limit               
000014d0  __TI_Handler_Table_Base        
000014dc  __TI_Handler_Table_Limit       
000011fd  __TI_auto_init                 
20000000  __TI_cleanup_ptr               
0000126d  __TI_decompress_lzss           
00001459  __TI_decompress_none           
20000004  __TI_dtors_ptr                 
20000008  __TI_enable_exit_profile_output
ffffffff  __TI_pprof_out_hndl            
ffffffff  __TI_prof_data_size            
ffffffff  __TI_prof_data_start           
00000000  __TI_static_base__             
00001475  __TI_zero_init                 
00001181  __aeabi_memclr                 
00001181  __aeabi_memclr4                
00001181  __aeabi_memclr8                
000010e5  __aeabi_memcpy                 
000010e5  __aeabi_memcpy4                
000010e5  __aeabi_memcpy8                
00001183  __aeabi_memset                 
00001183  __aeabi_memset4                
00001183  __aeabi_memset8                
ffffffff  __binit__                      
ffffffff  __c_args__                     
000011fb  __mpu_init                     
2000fe00  __stack                        
0000142d  _args_main                     
00001339  _c_int00                       
2000000c  _lock                          
00001453  _nop                           
0000144b  _register_lock                 
00001445  _register_unlock               
00001485  _system_post_cinit             
00001481  _system_pre_init               
20000010  _unlock                        
00001391  abort                          
20000026  baseCnt                        
00001488  basic_button                   
000014ac  basic_button_element           
ffffffff  binit                          
000013e1  copy_in                        
2000001c  ctsStatusReg                   
00001399  exit                           
00000000  interruptVectors               
000012d5  main                           
20000014  main_func_sp                   
2000001e  measCnt                        
000010e5  memcpy                         
00001189  memset                         


GLOBAL SYMBOLS: SORTED BY Symbol Address 

address   name                           
-------   ----                           
00000000  __TI_static_base__             
00000000  interruptVectors               
000000e5  TI_CAPT_Raw                    
000000fd  TI_CAPT_Init_Baseline          
00000113  TI_CAPT_Update_Baseline        
00000199  TI_CAPT_Reset_Tracking         
000001a1  TI_CAPT_Update_Tracking_DOI    
000001c9  TI_CAPT_Update_Tracking_Rate   
000001f5  TI_CAPT_Custom                 
00000200  __STACK_SIZE                   
00000785  TI_CAPT_Button                 
000007ab  TI_CAPT_Buttons                
000007f7  TI_CAPT_Wheel                  
00000a75  Dominant_Element               
00000b81  SystemCoreClockUpdate          
00000df9  SystemInit                     
00000f4f  TI_CTS_RO_CTIO_TA2_TA3_HAL     
000010a7  TA3_0_IRQHandler               
000010a7  TA3_0_IRQHandler               
000010e5  __aeabi_memcpy                 
000010e5  __aeabi_memcpy4                
000010e5  __aeabi_memcpy8                
000010e5  memcpy                         
00001181  __aeabi_memclr                 
00001181  __aeabi_memclr4                
00001181  __aeabi_memclr8                
00001183  __aeabi_memset                 
00001183  __aeabi_memset4                
00001183  __aeabi_memset8                
00001189  memset                         
000011fb  __mpu_init                     
000011fd  __TI_auto_init                 
0000126d  __TI_decompress_lzss           
000012d5  main                           
00001339  _c_int00                       
0000138d  C$$EXIT                        
00001391  abort                          
00001399  exit                           
000013e1  copy_in                        
0000142d  _args_main                     
00001445  _register_unlock               
0000144b  _register_lock                 
00001453  _nop                           
00001459  __TI_decompress_none           
00001467  Reset_Handler                  
00001473  ADC14_IRQHandler               
00001473  AES256_IRQHandler              
00001473  BusFault_Handler               
00001473  COMP_E0_IRQHandler             
00001473  COMP_E1_IRQHandler             
00001473  CS_IRQHandler                  
00001473  DMA_ERR_IRQHandler             
00001473  DMA_INT0_IRQHandler            
00001473  DMA_INT1_IRQHandler            
00001473  DMA_INT2_IRQHandler            
00001473  DMA_INT3_IRQHandler            
00001473  DebugMon_Handler               
00001473  Default_Handler                
00001473  EUSCIA0_IRQHandler             
00001473  EUSCIA1_IRQHandler             
00001473  EUSCIA2_IRQHandler             
00001473  EUSCIA3_IRQHandler             
00001473  EUSCIB0_IRQHandler             
00001473  EUSCIB1_IRQHandler             
00001473  EUSCIB2_IRQHandler             
00001473  EUSCIB3_IRQHandler             
00001473  FLCTL_IRQHandler               
00001473  FPU_IRQHandler                 
00001473  HardFault_Handler              
00001473  MemManage_Handler              
00001473  NMI_Handler                    
00001473  PCM_IRQHandler                 
00001473  PORT1_IRQHandler               
00001473  PORT2_IRQHandler               
00001473  PORT3_IRQHandler               
00001473  PORT4_IRQHandler               
00001473  PORT5_IRQHandler               
00001473  PORT6_IRQHandler               
00001473  PSS_IRQHandler                 
00001473  PendSV_Handler                 
00001473  RTC_C_IRQHandler               
00001473  SVC_Handler                    
00001473  SysTick_Handler                
00001473  T32_INT1_IRQHandler            
00001473  T32_INT2_IRQHandler            
00001473  T32_INTC_IRQHandler            
00001473  TA0_0_IRQHandler               
00001473  TA0_N_IRQHandler               
00001473  TA1_0_IRQHandler               
00001473  TA1_N_IRQHandler               
00001473  TA2_0_IRQHandler               
00001473  TA2_N_IRQHandler               
00001473  TA3_N_IRQHandler               
00001473  UsageFault_Handler             
00001473  WDT_A_IRQHandler               
00001475  __TI_zero_init                 
00001481  _system_pre_init               
00001485  _system_post_cinit             
00001488  basic_button                   
000014ac  basic_button_element           
000014d0  __TI_Handler_Table_Base        
000014dc  __TI_Handler_Table_Limit       
000014e8  __TI_CINIT_Base                
000014f8  __TI_CINIT_Limit               
20000000  __TI_cleanup_ptr               
20000004  __TI_dtors_ptr                 
20000008  __TI_enable_exit_profile_output
2000000c  _lock                          
20000010  _unlock                        
20000014  main_func_sp                   
20000018  SystemCoreClock                
2000001c  ctsStatusReg                   
2000001e  measCnt                        
20000026  baseCnt                        
2000fe00  __stack                        
20010000  __STACK_END                    
4000480c  WDTCTL_SYM                     
ffffffff  __TI_pprof_out_hndl            
ffffffff  __TI_prof_data_size            
ffffffff  __TI_prof_data_start           
ffffffff  __binit__                      
ffffffff  __c_args__                     
ffffffff  binit                          
UNDEFED   SHT$$INIT_ARRAY$$Base          
UNDEFED   SHT$$INIT_ARRAY$$Limit         

[125 symbols]
